
=== prerequisites  [01:03:30]
  11 usable cores (nproc says 112), 629 GB RAM visible
  pools: 4 duckdb x 2 onnx = 8 of 11
  cgroup memory: 77999996928
-rw-r--r-- 1 root root 69535790 Aug 17 01:03 /workspace/ctxext/anofox_tabfm.duckdb_extension

/workspace/realsplit:
total 1380
drwxr-xr-x 2 root root   4096 Aug 17 01:03 .
drwxr-xr-x 5 root root    106 Aug 17 01:03 ..
-rw-r--r-- 1 root root   1897 Aug 17 01:03 export_report_tabicl_classification.json
-rw-r--r-- 1 root root 269133 Aug 17 01:03 graph_prepare_tabicl_classification.onnx
-rw-r--r-- 1 root root 469373 Aug 17 01:03 graph_query_tabicl_classification.onnx
-rw-r--r-- 1 root root 552409 Aug 17 01:03 graph_tabicl_classification.onnx
-rw-r--r-- 1 root root  18522 Aug 17 01:03 tensor_map_prepare_tabicl_classification.json
-rw-r--r-- 1 root root  38315 Aug 17 01:03 tensor_map_query_tabicl_classification.json
-rw-r--r-- 1 root root  47670 Aug 17 01:03 tensor_map_tabicl_classification.json

=== repository  [01:03:30]
  fetching duckdb at d8cdaa33fda8 (one commit, not the history)
9442ce5 Size the pools from the cgroup: this host says 112 cores and has 11.9

=== prebuilt rocket shell  [01:04:25]
  SHELL CACHE HIT (efddb90bf58d)

=== the extension loads, and carries the setting  [01:04:26]
  ok

=== tabicl-v2 weights (through the community build, which shares the cache)  [01:04:27]
  tabicl-v2 ok
  checkpoint: /root/.cache/anofox-tabfm/jingang__TabICL@main/classification/model.ckpt (106M)

=== assemble the model directory  [01:04:35]
total 109160
drwxr-xr-x 2 root root      4096 Aug 17 01:04 .
drwxr-xr-x 8 root root       182 Aug 17 01:04 ..
-rw-r--r-- 1 root root    269133 Aug 17 01:04 graph_prepare_tabicl_classification.onnx
-rw-r--r-- 1 root root    469373 Aug 17 01:04 graph_query_tabicl_classification.onnx
-rw-r--r-- 1 root root    552409 Aug 17 01:04 graph_tabicl_classification.onnx
-rw-r--r-- 1 root root 110368038 Aug 17 01:04 model.ckpt
-rw-r--r-- 1 root root     18522 Aug 17 01:04 tensor_map_prepare_tabicl_classification.json
-rw-r--r-- 1 root root     38315 Aug 17 01:04 tensor_map_query_tabicl_classification.json
-rw-r--r-- 1 root root     47670 Aug 17 01:04 tensor_map_tabicl_classification.json

=== ItalyPowerDemand: cache OFF, then ON, at --test-chunk 128  [01:04:35]
  --- ItalyPowerDemand off
    rc=0  (1620s by the clock outside)
        accuracy (tabicl-v2, e=1, G=40): 0.9718
  --- ItalyPowerDemand on
    rc=0  (879s by the clock outside)
        accuracy (tabicl-v2, e=1, G=40): 0.9718

=== OSULeaf: cache OFF, then ON, at --test-chunk 128  [01:46:14]
  --- OSULeaf off
    rc=0  (545s by the clock outside)
        accuracy (tabicl-v2, e=1, G=40): 0.9711
  --- OSULeaf on
    rc=0  (487s by the clock outside)
        accuracy (tabicl-v2, e=1, G=40): 0.9711

=== what came out  [02:03:26]

  dataset             test  chunks   off (s)    on (s)  speedup     saved   rows  disagree
  ItalyPowerDemand    1029       9    1608.5     870.2    1.85x    738.3s   1029         0
  OSULeaf              242       2     528.9     469.8    1.13x     59.1s    242         0

  (classify seconds, not total: the cache cannot touch the ROCKET transform, which is
   about 6s of a 1000s run and would only dilute the number.)

  mechanism: 2 chunks -> 1.13x, 9 chunks -> 1.85x  (as predicted)

  wrote /workspace/ctxphase5/summary.json

=== done  [02:03:26]
